U.K. of Great Britain and Northern Ireland
Miami-DADE, Florida, United States of America
Paris, Ile-de-France, France
Barranquilla (dist.port., Atlantico, Colombia
